Archive member included to satisfy reference by file (symbol)

c:/program files (x86)/atmel/studio/7.0/toolchain/avr8/avr8-gnu-toolchain/bin/../lib/gcc/avr/5.4.0/../../../../avr/lib/avr6\libm.a(addsf3.o)
                              grbl/motion_control.o (__subsf3)
c:/program files (x86)/atmel/studio/7.0/toolchain/avr8/avr8-gnu-toolchain/bin/../lib/gcc/avr/5.4.0/../../../../avr/lib/avr6\libm.a(addsf3x.o)
                              c:/program files (x86)/atmel/studio/7.0/toolchain/avr8/avr8-gnu-toolchain/bin/../lib/gcc/avr/5.4.0/../../../../avr/lib/avr6\libm.a(addsf3.o) (__addsf3x)
c:/program files (x86)/atmel/studio/7.0/toolchain/avr8/avr8-gnu-toolchain/bin/../lib/gcc/avr/5.4.0/../../../../avr/lib/avr6\libm.a(atan2.o)
                              grbl/motion_control.o (atan2)
c:/program files (x86)/atmel/studio/7.0/toolchain/avr8/avr8-gnu-toolchain/bin/../lib/gcc/avr/5.4.0/../../../../avr/lib/avr6\libm.a(atan.o)
                              c:/program files (x86)/atmel/studio/7.0/toolchain/avr8/avr8-gnu-toolchain/bin/../lib/gcc/avr/5.4.0/../../../../avr/lib/avr6\libm.a(atan2.o) (atan)
c:/program files (x86)/atmel/studio/7.0/toolchain/avr8/avr8-gnu-toolchain/bin/../lib/gcc/avr/5.4.0/../../../../avr/lib/avr6\libm.a(ceil.o)
                              grbl/stepper.o (ceil)
c:/program files (x86)/atmel/studio/7.0/toolchain/avr8/avr8-gnu-toolchain/bin/../lib/gcc/avr/5.4.0/../../../../avr/lib/avr6\libm.a(cmpsf2.o)
                              grbl/gcode.o (__eqsf2)
c:/program files (x86)/atmel/studio/7.0/toolchain/avr8/avr8-gnu-toolchain/bin/../lib/gcc/avr/5.4.0/../../../../avr/lib/avr6\libm.a(cos.o)
                              grbl/motion_control.o (cos)
c:/program files (x86)/atmel/studio/7.0/toolchain/avr8/avr8-gnu-toolchain/bin/../lib/gcc/avr/5.4.0/../../../../avr/lib/avr6\libm.a(divsf3.o)
                              grbl/motion_control.o (__divsf3)
c:/program files (x86)/atmel/studio/7.0/toolchain/avr8/avr8-gnu-toolchain/bin/../lib/gcc/avr/5.4.0/../../../../avr/lib/avr6\libm.a(divsf3x.o)
                              c:/program files (x86)/atmel/studio/7.0/toolchain/avr8/avr8-gnu-toolchain/bin/../lib/gcc/avr/5.4.0/../../../../avr/lib/avr6\libm.a(divsf3.o) (__divsf3x)
c:/program files (x86)/atmel/studio/7.0/toolchain/avr8/avr8-gnu-toolchain/bin/../lib/gcc/avr/5.4.0/../../../../avr/lib/avr6\libm.a(fixsfsi.o)
                              grbl/gcode.o (__fixsfsi)
c:/program files (x86)/atmel/studio/7.0/toolchain/avr8/avr8-gnu-toolchain/bin/../lib/gcc/avr/5.4.0/../../../../avr/lib/avr6\libm.a(fixunssfsi.o)
                              grbl/motion_control.o (__fixunssfsi)
c:/program files (x86)/atmel/studio/7.0/toolchain/avr8/avr8-gnu-toolchain/bin/../lib/gcc/avr/5.4.0/../../../../avr/lib/avr6\libm.a(floatsisf.o)
                              grbl/motion_control.o (__floatunsisf)
c:/program files (x86)/atmel/studio/7.0/toolchain/avr8/avr8-gnu-toolchain/bin/../lib/gcc/avr/5.4.0/../../../../avr/lib/avr6\libm.a(floor.o)
                              grbl/motion_control.o (floor)
c:/program files (x86)/atmel/studio/7.0/toolchain/avr8/avr8-gnu-toolchain/bin/../lib/gcc/avr/5.4.0/../../../../avr/lib/avr6\libm.a(fp_cmp.o)
                              c:/program files (x86)/atmel/studio/7.0/toolchain/avr8/avr8-gnu-toolchain/bin/../lib/gcc/avr/5.4.0/../../../../avr/lib/avr6\libm.a(cmpsf2.o) (__fp_cmp)
c:/program files (x86)/atmel/studio/7.0/toolchain/avr8/avr8-gnu-toolchain/bin/../lib/gcc/avr/5.4.0/../../../../avr/lib/avr6\libm.a(fp_inf.o)
                              c:/program files (x86)/atmel/studio/7.0/toolchain/avr8/avr8-gnu-toolchain/bin/../lib/gcc/avr/5.4.0/../../../../avr/lib/avr6\libm.a(addsf3x.o) (__fp_inf)
c:/program files (x86)/atmel/studio/7.0/toolchain/avr8/avr8-gnu-toolchain/bin/../lib/gcc/avr/5.4.0/../../../../avr/lib/avr6\libm.a(fp_mintl.o)
                              c:/program files (x86)/atmel/studio/7.0/toolchain/avr8/avr8-gnu-toolchain/bin/../lib/gcc/avr/5.4.0/../../../../avr/lib/avr6\libm.a(ceil.o) (__fp_mintl)
c:/program files (x86)/atmel/studio/7.0/toolchain/avr8/avr8-gnu-toolchain/bin/../lib/gcc/avr/5.4.0/../../../../avr/lib/avr6\libm.a(fp_mpack.o)
                              c:/program files (x86)/atmel/studio/7.0/toolchain/avr8/avr8-gnu-toolchain/bin/../lib/gcc/avr/5.4.0/../../../../avr/lib/avr6\libm.a(ceil.o) (__fp_mpack)
c:/program files (x86)/atmel/studio/7.0/toolchain/avr8/avr8-gnu-toolchain/bin/../lib/gcc/avr/5.4.0/../../../../avr/lib/avr6\libm.a(fp_nan.o)
                              c:/program files (x86)/atmel/studio/7.0/toolchain/avr8/avr8-gnu-toolchain/bin/../lib/gcc/avr/5.4.0/../../../../avr/lib/avr6\libm.a(addsf3x.o) (__fp_nan)
c:/program files (x86)/atmel/studio/7.0/toolchain/avr8/avr8-gnu-toolchain/bin/../lib/gcc/avr/5.4.0/../../../../avr/lib/avr6\libm.a(fp_powser.o)
                              c:/program files (x86)/atmel/studio/7.0/toolchain/avr8/avr8-gnu-toolchain/bin/../lib/gcc/avr/5.4.0/../../../../avr/lib/avr6\libm.a(atan.o) (__fp_powser)
[...]
Memory Configuration

Name             Origin             Length             Attributes
text             0x00000000         0x00040000         xr
data             0x00800200         0x00002000         rw !x
eeprom           0x00810000         0x00001000         rw !x
fuse             0x00820000         0x00000003         rw !x
lock             0x00830000         0x00000400         rw !x
signature        0x00840000         0x00000400         rw !x
user_signatures  0x00850000         0x00000400         rw !x
*default*        0x00000000         0xffffffff

Linker script and memory map

Address of section .data set to 0x800200
LOAD C:/Program Files (x86)/Atmel/Studio/7.0/Packs/atmel/ATmega_DFP/1.6.364/gcc/dev/atmega2560/avr6/crtatmega2560.o
LOAD grbl/main.o
LOAD grbl/motion_control.o
LOAD grbl/gcode.o
LOAD grbl/spindle_control.o
LOAD grbl/coolant_control.o
LOAD grbl/serial.o
LOAD grbl/protocol.o
LOAD grbl/stepper.o
LOAD grbl/eeprom.o
LOAD grbl/settings.o
LOAD grbl/planner.o
LOAD grbl/nuts_bolts.o
LOAD grbl/limits.o
LOAD grbl/print.o
LOAD grbl/probe.o
LOAD grbl/report.o
LOAD grbl/system.o
LOAD grbl/sleep.o
LOAD grbl/jog.o
START GROUP
LOAD c:/program files (x86)/atmel/studio/7.0/toolchain/avr8/avr8-gnu-toolchain/bin/../lib/gcc/avr/5.4.0/../../../../avr/lib/avr6\libm.a
END GROUP
START GROUP
LOAD c:/program files (x86)/atmel/studio/7.0/toolchain/avr8/avr8-gnu-toolchain/bin/../lib/gcc/avr/5.4.0/avr6\libgcc.a
LOAD c:/program files (x86)/atmel/studio/7.0/toolchain/avr8/avr8-gnu-toolchain/bin/../lib/gcc/avr/5.4.0/../../../../avr/lib/avr6\libm.a
LOAD c:/program files (x86)/atmel/studio/7.0/toolchain/avr8/avr8-gnu-toolchain/bin/../lib/gcc/avr/5.4.0/../../../../avr/lib/avr6\libc.a
LOAD C:/Program Files (x86)/Atmel/Studio/7.0/Packs/atmel/ATmega_DFP/1.6.364/gcc/dev/atmega2560/avr6\libatmega2560.a
END GROUP
                0x00000000                __TEXT_REGION_ORIGIN__ = DEFINED (__TEXT_REGION_ORIGIN__)?__TEXT_REGION_ORIGIN__:0x0
                [0x00800200]                __DATA_REGION_ORIGIN__ = DEFINED (__DATA_REGION_ORIGIN__)?__DATA_REGION_ORIGIN__:0x800200
                [0x00040000]                __TEXT_REGION_LENGTH__ = DEFINED (__TEXT_REGION_LENGTH__)?__TEXT_REGION_LENGTH__:0x100000
                [0x00002000]                __DATA_REGION_LENGTH__ = DEFINED (__DATA_REGION_LENGTH__)?__DATA_REGION_LENGTH__:0xfe00
                [0x00001000]                __EEPROM_REGION_LENGTH__ = DEFINED (__EEPROM_REGION_LENGTH__)?__EEPROM_REGION_LENGTH__:0x10000
                [0x00000003]                __FUSE_REGION_LENGTH__ = DEFINED (__FUSE_REGION_LENGTH__)?__FUSE_REGION_LENGTH__:0x400
                0x00000400                __LOCK_REGION_LENGTH__ = DEFINED (__LOCK_REGION_LENGTH__)?__LOCK_REGION_LENGTH__:0x400
                0x00000400                __SIGNATURE_REGION_LENGTH__ = DEFINED (__SIGNATURE_REGION_LENGTH__)?__SIGNATURE_REGION_LENGTH__:0x400
                0x00000400                __USER_SIGNATURE_REGION_LENGTH__ = DEFINED (__USER_SIGNATURE_REGION_LENGTH__)?__USER_SIGNATURE_REGION_LENGTH__:0x400

.hash
 *(.hash)

.dynsym
 *(.dynsym)

.dynstr
 *(.dynstr)

.gnu.version
 *(.gnu.version)

.gnu.version_d
 *(.gnu.version_d)

.gnu.version_r
 *(.gnu.version_r)

.rel.init
 *(.rel.init)

.rela.init
 *(.rela.init)

.rel.text
 *(.rel.text)
 *(.rel.text.*)
 *(.rel.gnu.linkonce.t*)

.rela.text
 *(.rela.text)
 *(.rela.text.*)
 *(.rela.gnu.linkonce.t*)

.rel.fini
 *(.rel.fini)

.rela.fini
 *(.rela.fini)

.rel.rodata
 *(.rel.rodata)
 *(.rel.rodata.*)
 *(.rel.gnu.linkonce.r*)

.rela.rodata
 *(.rela.rodata)
 *(.rela.rodata.*)
 *(.rela.gnu.linkonce.r*)

.rel.data
 *(.rel.data)
 *(.rel.data.*)
 *(.rel.gnu.linkonce.d*)

.rela.data
 *(.rela.data)
 *(.rela.data.*)
 *(.rela.gnu.linkonce.d*)

.rel.ctors
 *(.rel.ctors)

.rela.ctors
 *(.rela.ctors)

.rel.dtors
 *(.rel.dtors)

.rela.dtors
 *(.rela.dtors)

.rel.got
 *(.rel.got)

.rela.got
 *(.rela.got)

.rel.bss
 *(.rel.bss)

.rela.bss
 *(.rela.bss)

.rel.plt
 *(.rel.plt)

.rela.plt
 *(.rela.plt)

.text           0x00000000     0x8102
 *(.vectors)
 .vectors       0x00000000       0xe4 C:/Program Files (x86)/Atmel/Studio/7.0/Packs/atmel/ATmega_DFP/1.6.364/gcc/dev/atmega2560/avr6/crtatmega2560.o
                0x00000000                __vector_default
                0x00000000                __vectors
 *(.vectors)
 *(.progmem.gcc*)
 .progmem.gcc_sw_table.gc_execute_line
                0x000000e4      0x126 grbl/gcode.o
 .progmem.gcc_sw_table.__vector_25
                0x0000020a       0x3c grbl/serial.o
 .progmem.gcc_sw_table.settings_store_global_setting
                0x00000246       0x42 grbl/settings.o
 .progmem.gcc_sw_table.report_feedback_message
                0x00000288       0x16 grbl/report.o
 .progmem.gcc_fplib
                0x0000029e       0x2d c:/program files (x86)/atmel/studio/7.0/toolchain/avr8/avr8-gnu-toolchain/bin/../lib/gcc/avr/5.4.0/../../../../avr/lib/avr6\libm.a(atan.o)
 .progmem.gcc_fplib
                0x000002cb       0x1e c:/program files (x86)/atmel/studio/7.0/toolchain/avr8/avr8-gnu-toolchain/bin/../lib/gcc/avr/5.4.0/../../../../avr/lib/avr6\libm.a(fp_sinus.o)
                0x000002ea                . = ALIGN (0x2)
 *fill*         0x000002e9        0x1 
                0x000002ea                __trampolines_start = .
 *(.trampolines)
 .trampolines   0x000002ea        0x0 linker stubs
 *(.trampolines*)
                0x000002ea                __trampolines_end = .
 *libprintf_flt.a:*(.progmem.data)
 *libc.a:*(.progmem.data)
 *(.progmem*)
 .progmem.data.defaults
                0x000002ea       0x55 grbl/settings.o
                0x000002ea                defaults
 .progmem.data.__c.2779
                0x0000033f        0x4 grbl/report.o
 .progmem.data.__c.2775
                0x00000343        0x5 grbl/report.o
 .progmem.data.__c.2773
                0x00000348        0x6 grbl/report.o
 .progmem.data.__c.2771
                0x0000034e        0x5 grbl/report.o
 .progmem.data.__c.2766
                0x00000353        0x5 grbl/report.o
 .progmem.data.__c.2764
                0x00000358        0x5 grbl/report.o
 .progmem.data.__c.2760
                0x0000035d        0x5 grbl/report.o
 .progmem.data.__c.2758
                0x00000362        0x7 grbl/report.o
 .progmem.data.__c.2756
                0x00000369        0x7 grbl/report.o
 .progmem.data.__c.2750
                0x00000370        0x6 grbl/report.o
 .progmem.data.__c.2747
                0x00000376        0x6 grbl/report.o
 .progmem.data.__c.2744
                0x0000037c        0x6 grbl/report.o
 .progmem.data.__c.2741
                0x00000382        0x6 grbl/report.o
 .progmem.data.__c.2738
                0x00000388        0x5 grbl/report.o
 .progmem.data.__c.2735
                0x0000038d        0x4 grbl/report.o
 .progmem.data.__c.2732
                0x00000391        0x6 grbl/report.o
 .progmem.data.__c.2729
                0x00000397        0x4 grbl/report.o
 .progmem.data.__c.2725
                0x0000039b        0x5 grbl/report.o
 .progmem.data.__c.2712
                0x000003a0        0x6 grbl/report.o
 .progmem.data.__c.2710
                0x000003a6       0x19 grbl/report.o
 .progmem.data.__c.2701
                0x000003bf        0x3 grbl/report.o
 .progmem.data.__c.2555
                0x000003c2        0x3 grbl/report.o
 .progmem.data.__c.2551
                0x000003c5        0x3 grbl/report.o
 .progmem.data.__c.2695
                0x000003c8        0x3 grbl/report.o
 .progmem.data.__c.2693
                0x000003cb        0x3 grbl/report.o
 .progmem.data.__c.2691
                0x000003ce        0x3 grbl/report.o
 .progmem.data.__c.2681
                0x000003d1        0x4 grbl/report.o
 .progmem.data.__c.2679
                0x000003d5        0x6 grbl/report.o
 .progmem.data.__c.2675
                0x000003db        0x6 grbl/report.o
 .progmem.data.__c.2673
                0x000003e1        0x6 grbl/report.o
 .progmem.data.__c.2667
                0x000003e7        0x3 grbl/report.o
 .progmem.data.__c.2663
                0x000003ea        0x3 grbl/report.o
 .progmem.data.__c.2660
                0x000003ed        0x3 grbl/report.o
 .progmem.data.__c.2653
                0x000003f0        0x6 grbl/report.o
 .progmem.data.__c.2633
                0x000003f6       0x4a grbl/report.o
 .progmem.data.__c.2629
                0x00000440       0x1d grbl/report.o
 .progmem.data.__c.2625
                0x0000045d        0x9 grbl/report.o
 .progmem.data.__c.2622
                0x00000466       0x12 grbl/report.o
 .progmem.data.__c.2619
                0x00000478       0x13 grbl/report.o
 .progmem.data.__c.2616
                0x0000048b        0x8 grbl/report.o
 .progmem.data.__c.2613
                0x00000493        0xd grbl/report.o
 .progmem.data.__c.2610
                0x000004a0        0xb grbl/report.o
 .progmem.data.__c.2607
                0x000004ab        0x9 grbl/report.o
 .progmem.data.__c.2604
                0x000004b4        0x8 grbl/report.o
 .progmem.data.__c.2601
                0x000004bc       0x12 grbl/report.o
 .progmem.data.__c.2598
                0x000004ce       0x14 grbl/report.o
 .progmem.data.__c.2594
                0x000004e2       0x12 grbl/report.o
 .progmem.data.__c.2591
                0x000004f4        0x6 grbl/report.o
 .progmem.data.__c.2586
                0x000004fa        0x7 grbl/report.o
 .progmem.data.__c.2545
                0x00000501        0x3 grbl/report.o
 .progmem.data.__c.2581
                0x00000504        0x7 grbl/report.o
 .progmem.data.__c.2577
                0x0000050b        0x5 grbl/report.o
                0x00000510                . = ALIGN (0x2)
 *(.jumptables)
 *(.jumptables*)
 *(.lowtext)
 *(.lowtext*)
                0x00000510                __ctors_start = .
 *(.ctors)
                0x00000510                __ctors_end = .
                0x00000510                __dtors_start = .
 *(.dtors)
                0x00000510                __dtors_end = .
 SORT(*)(.ctors)
 SORT(*)(.dtors)
 *(.init0)
 .init0         0x00000510        0x0 C:/Program Files (x86)/Atmel/Studio/7.0/Packs/atmel/ATmega_DFP/1.6.364/gcc/dev/atmega2560/avr6/crtatmega2560.o
                0x00000510                __init
 *(.init0)
 *(.init1)
 *(.init1)
 *(.init2)
 .init2         0x00000510       0x10 C:/Program Files (x86)/Atmel/Studio/7.0/Packs/atmel/ATmega_DFP/1.6.364/gcc/dev/atmega2560/avr6/crtatmega2560.o
 *(.init2)
 *(.init3)
 *(.init3)
 *(.init4)
 .init4         0x00000520       0x10 c:/program files (x86)/atmel/studio/7.0/toolchain/avr8/avr8-gnu-toolchain/bin/../lib/gcc/avr/5.4.0/avr6\libgcc.a(_clear_bss.o)
                0x00000520                __do_clear_bss
 *(.init4)
 *(.init5)
 *(.init5)
 *(.init6)
 *(.init6)
 *(.init7)
 *(.init7)
 *(.init8)
 *(.init8)
 *(.init9)
 .init9         0x00000530        0x6 C:/Program Files (x86)/Atmel/Studio/7.0/Packs/atmel/ATmega_DFP/1.6.364/gcc/dev/atmega2560/avr6/crtatmega2560.o
 *(.init9)
 *(.text)
 .text          0x00000536        0x2 C:/Program Files (x86)/Atmel/Studio/7.0/Packs/atmel/ATmega_DFP/1.6.364/gcc/dev/atmega2560/avr6/crtatmega2560.o
                0x00000536                __vector_38
                0x00000536                __vector_22
                0x00000536                __vector_28
                0x00000536                __vector_1
                0x00000536                __vector_32
                0x00000536                __vector_34
                0x00000536                __vector_24
                0x00000536                __vector_12
                0x00000536                __vector_55
                0x00000536                __vector_46
                0x00000536                __bad_interrupt
                0x00000536                __vector_6
                0x00000536                __vector_31
                0x00000536                __vector_39
                0x00000536                __vector_3
                0x00000536                __vector_30
                0x00000536                __vector_45
                0x00000536                __vector_54
                0x00000536                __vector_13
                0x00000536                __vector_19
                0x00000536                __vector_56
                0x00000536                __vector_7
                0x00000536                __vector_49
                0x00000536                __vector_41
                0x00000536                __vector_43
                0x00000536                __vector_27
                0x00000536                __vector_5
                0x00000536                __vector_33
                0x00000536                __vector_47
                0x00000536                __vector_52
                0x00000536                __vector_37
                0x00000536                __vector_4
                0x00000536                __vector_44
                0x00000536                __vector_51
                0x00000536                __vector_2
                0x00000536                __vector_21
                0x00000536                __vector_15
                0x00000536                __vector_36
                0x00000536                __vector_29
                0x00000536                __vector_40
                0x00000536                __vector_8
                0x00000536                __vector_48
                0x00000536                __vector_14
                0x00000536                __vector_53
                0x00000536                __vector_10
                0x00000536                __vector_50
                0x00000536                __vector_16
                0x00000536                __vector_18
                0x00000536                __vector_20
                0x00000536                __vector_42
                0x00000538                . = ALIGN (0x2)
 *(.text.*)
 .text.main     0x00000538       0xa0 grbl/main.o
                0x00000538                main
 .text.mc_line  0x000005d8       0x78 grbl/motion_control.o
                0x000005d8                mc_line
 .text.mc_arc   0x00000650      0x5c8 grbl/motion_control.o
                0x00000650                mc_arc
 .text.mc_dwell
                0x00000c18       0x2c grbl/motion_control.o
                0x00000c18                mc_dwell
 .text.mc_homing_cycle
                0x00000c44       0x28 grbl/motion_control.o
                0x00000c44                mc_homing_cycle
 .text.mc_probe_cycle
                0x00000c6c       0xec grbl/motion_control.o
                0x00000c6c                mc_probe_cycle
 .text.mc_reset
                0x00000d58       0x48 grbl/motion_control.o
                0x00000d58                mc_reset
 .text.gc_init  0x00000da0       0x24 grbl/gcode.o
                0x00000da0                gc_init
 .text.gc_sync_position
                0x00000dc4        0xe grbl/gcode.o
                0x00000dc4                gc_sync_position
 .text.gc_execute_line
                0x00000dd2     0x1698 grbl/gcode.o
                0x00000dd2                gc_execute_line
 .text.spindle_get_state
                0x0000246a       0x24 grbl/spindle_control.o
                0x0000246a                spindle_get_state
 .text.spindle_stop
                0x0000248e       0x16 grbl/spindle_control.o
                0x0000248e                spindle_stop
 .text.spindle_init
                0x000024a4       0x76 grbl/spindle_control.o
                0x000024a4                spindle_init
 .text.spindle_set_speed
                0x0000251a       0x24 grbl/spindle_control.o
                0x0000251a                spindle_set_speed
 .text.spindle_compute_pwm_value
                0x0000253e      0x146 grbl/spindle_control.o
                0x0000253e                spindle_compute_pwm_value
 .text.spindle_set_state
                0x00002684       0x5c grbl/spindle_control.o
                0x00002684                spindle_set_state
 .text.spindle_sync
                0x000026e0       0x2e grbl/spindle_control.o
                0x000026e0                spindle_sync
 .text.coolant_get_state
                0x0000270e       0x18 grbl/coolant_control.o
                0x0000270e                coolant_get_state
 .text.coolant_stop
                0x00002726       0x12 grbl/coolant_control.o
                0x00002726                coolant_stop
 .text.coolant_init
                0x00002738       0x14 grbl/coolant_control.o
                0x00002738                coolant_init
 .text.coolant_set_state
                0x0000274c       0x42 grbl/coolant_control.o
                0x0000274c                coolant_set_state
 .text.coolant_sync
                0x0000278e       0x16 grbl/coolant_control.o
                0x0000278e                coolant_sync
 .text.serial_get_rx_buffer_available
                0x000027a4       0x1a grbl/serial.o
                0x000027a4                serial_get_rx_buffer_available
 .text.serial_init
                0x000027be       0x20 grbl/serial.o
                0x000027be                serial_init
 .text.serial_write
                0x000027de       0x32 grbl/serial.o
                0x000027de                serial_write
 .text.__vector_26
                0x00002810       0x56 grbl/serial.o
                0x00002810                __vector_26
 .text.serial_read
                0x00002866       0x22 grbl/serial.o
                0x00002866                serial_read
 .text.__vector_25
                0x00002888      0x16e grbl/serial.o
                0x00002888                __vector_25
 .text.serial_reset_read_buffer
                0x000029f6        0xa grbl/serial.o
                0x000029f6                serial_reset_read_buffer
 .text.protocol_auto_cycle_start
                0x00002a00       0x10 grbl/protocol.o
                0x00002a00                protocol_auto_cycle_start
 .text.protocol_exec_rt_system
                0x00002a10      0x370 grbl/protocol.o
                0x00002a10                protocol_exec_rt_system
 .text.protocol_exec_rt_suspend
                0x00002d80      0x1e4 grbl/protocol.o
 .text.protocol_execute_realtime
                0x00002f64        0xc grbl/protocol.o
                0x00002f64                protocol_execute_realtime
 .text.protocol_main_loop
                0x00002f70      0x144 grbl/protocol.o
                0x00002f70                protocol_main_loop
 .text.protocol_buffer_synchronize
                0x000030b4       0x1e grbl/protocol.o
                0x000030b4                protocol_buffer_synchronize
 .text.st_next_block_index
                0x000030d2        0xa grbl/stepper.o
 .text.st_wake_up
                0x000030dc       0x48 grbl/stepper.o
                0x000030dc                st_wake_up
 .text.st_go_idle
                0x00003124       0x6a grbl/stepper.o
                0x00003124                st_go_idle
 .text.__vector_17
                0x0000318e      0x3fc grbl/stepper.o
                0x0000318e                __vector_17
 .text.__vector_23
                0x0000358a       0x2c grbl/stepper.o
                0x0000358a                __vector_23
 .text.st_generate_step_dir_invert_masks
                0x000035b6       0x6c grbl/stepper.o
                0x000035b6                st_generate_step_dir_invert_masks
 .text.st_reset
                0x00003622       0x62 grbl/stepper.o
                0x00003622                st_reset
 .text.stepper_init
                0x00003684       0x48 grbl/stepper.o
                0x00003684                stepper_init
 .text.st_update_plan_block_parameters
                0x000036cc       0x40 grbl/stepper.o
                0x000036cc                st_update_plan_block_parameters
 .text.st_prep_buffer
                0x0000370c     0x1052 grbl/stepper.o
                0x0000370c                st_prep_buffer
 .text.st_get_realtime_rate
                0x0000475e       0x22 grbl/stepper.o
                0x0000475e                st_get_realtime_rate
 .text.eeprom_get_char
                0x00004780       0x10 grbl/eeprom.o
                0x00004780                eeprom_get_char
 .text.eeprom_put_char
                0x00004790       0x4a grbl/eeprom.o
                0x00004790                eeprom_put_char
 .text.memcpy_to_eeprom_with_checksum
                0x000047da       0x62 grbl/eeprom.o
                0x000047da                memcpy_to_eeprom_with_checksum
 .text.memcpy_from_eeprom_with_checksum
                0x0000483c       0x70 grbl/eeprom.o
                0x0000483c                memcpy_from_eeprom_with_checksum
 .text.settings_store_startup_line
                0x000048ac       0x2e grbl/settings.o
                0x000048ac                settings_store_startup_line
 .text.settings_store_build_info
                0x000048da        0xe grbl/settings.o
                0x000048da                settings_store_build_info
 .text.settings_write_coord_data
                0x000048e8       0x28 grbl/settings.o
                0x000048e8                settings_write_coord_data
 .text.write_global_settings
                0x00004910       0x18 grbl/settings.o
                0x00004910                write_global_settings
 .text.settings_restore
                0x00004928       0xa6 grbl/settings.o
                0x00004928                settings_restore
 .text.settings_read_startup_line
                0x000049ce       0x3c grbl/settings.o
                0x000049ce                settings_read_startup_line
 .text.settings_read_build_info
                0x00004a0a       0x26 grbl/settings.o
                0x00004a0a                settings_read_build_info
 .text.settings_read_coord_data
                0x00004a30       0x3e grbl/settings.o
                0x00004a30                settings_read_coord_data
 .text.read_global_settings
                0x00004a6e       0x28 grbl/settings.o
                0x00004a6e                read_global_settings
 .text.settings_store_global_setting
                0x00004a96      0x2f8 grbl/settings.o
                0x00004a96                settings_store_global_setting
 .text.settings_init
                0x00004d8e       0x16 grbl/settings.o
                0x00004d8e                settings_init
 .text.get_step_pin_mask
                0x00004da4       0x14 grbl/settings.o
                0x00004da4                get_step_pin_mask
 .text.get_direction_pin_mask
                0x00004db8       0x14 grbl/settings.o
                0x00004db8                get_direction_pin_mask
 .text.get_limit_pin_mask
                0x00004dcc       0x14 grbl/settings.o
                0x00004dcc                get_limit_pin_mask
 .text.plan_prev_block_index
                0x00004de0        0xa grbl/planner.o
 .text.plan_compute_profile_parameters
                0x00004dea       0x9a grbl/planner.o
 .text.plan_next_block_index
                0x00004e84        0xa grbl/planner.o
                0x00004e84                plan_next_block_index
 .text.planner_recalculate
                0x00004e8e      0x29a grbl/planner.o
 .text.plan_reset_buffer
                0x00005128       0x14 grbl/planner.o
                0x00005128                plan_reset_buffer
 .text.plan_reset
                0x0000513c       0x12 grbl/planner.o
                0x0000513c                plan_reset
 .text.plan_discard_current_block
                0x0000514e       0x26 grbl/planner.o
                0x0000514e                plan_discard_current_block
 .text.plan_get_system_motion_block
                0x00005174       0x12 grbl/planner.o
                0x00005174                plan_get_system_motion_block
 .text.plan_get_current_block
                0x00005186       0x20 grbl/planner.o
                0x00005186                plan_get_current_block
 .text.plan_get_exec_block_exit_speed_sqr
                0x000051a6       0x2c grbl/planner.o
                0x000051a6                plan_get_exec_block_exit_speed_sqr
 .text.plan_check_full_buffer
                0x000051d2       0x14 grbl/planner.o
                0x000051d2                plan_check_full_buffer
 .text.plan_compute_profile_nominal_speed
                0x000051e6       0xf0 grbl/planner.o
                0x000051e6                plan_compute_profile_nominal_speed
 .text.plan_update_velocity_profile_parameters
                0x000052d6       0xb6 grbl/planner.o
                0x000052d6                plan_update_velocity_profile_parameters
 .text.plan_buffer_line
                0x0000538c      0x552 grbl/planner.o
                0x0000538c                plan_buffer_line
 .text.plan_sync_position
                0x000058de       0x34 grbl/planner.o
                0x000058de                plan_sync_position
 .text.plan_get_block_buffer_available
                0x00005912       0x18 grbl/planner.o
                0x00005912                plan_get_block_buffer_available
 .text.plan_cycle_reinitialize
                0x0000592a       0x10 grbl/planner.o
                0x0000592a                plan_cycle_reinitialize
 .text.read_float
                0x0000593a      0x18e grbl/nuts_bolts.o
                0x0000593a                read_float
 .text.delay_sec
                0x00005ac8       0x60 grbl/nuts_bolts.o
                0x00005ac8                delay_sec
 .text.delay_ms
                0x00005b28       0x1c grbl/nuts_bolts.o
                0x00005b28                delay_ms
 .text.hypot_f  0x00005b44       0x4e grbl/nuts_bolts.o
                0x00005b44                hypot_f
 .text.convert_delta_vector_to_unit_vector
                0x00005b92       0xe4 grbl/nuts_bolts.o
                0x00005b92                convert_delta_vector_to_unit_vector
 .text.limit_value_by_axis_maximum
                0x00005c76       0xda grbl/nuts_bolts.o
                0x00005c76                limit_value_by_axis_maximum
 .text.limits_disable
                0x00005d50       0x16 grbl/limits.o
                0x00005d50                limits_disable
 .text.limits_init
                0x00005d66       0x2e grbl/limits.o
                0x00005d66                limits_init
 .text.limits_get_state
                0x00005d94       0x4e grbl/limits.o
                0x00005d94                limits_get_state
 .text.__vector_9
                0x00005de2       0x66 grbl/limits.o
                0x00005de2                __vector_9
 .text.limits_go_home
                0x00005e48      0x462 grbl/limits.o
                0x00005e48                limits_go_home
 .text.limits_soft_check
                0x000062aa       0x3a grbl/limits.o
                0x000062aa                limits_soft_check
 .text.printString
                0x000062e4       0x1a grbl/print.o
                0x000062e4                printString
 .text.printPgmString
                0x000062fe       0x1e grbl/print.o
                0x000062fe                printPgmString
 .text.print_uint8_base10
                0x0000631c       0x78 grbl/print.o
                0x0000631c                print_uint8_base10
 .text.print_uint32_base10
                0x00006394       0x90 grbl/print.o
                0x00006394                print_uint32_base10
 .text.printInteger
                0x00006424       0x34 grbl/print.o
                0x00006424                printInteger
 .text.printFloat
                0x00006458      0x136 grbl/print.o
                0x00006458                printFloat
 .text.printFloat_CoordValue
                0x0000658e       0x20 grbl/print.o
                0x0000658e                printFloat_CoordValue
 .text.printFloat_RateValue
                0x000065ae       0x20 grbl/print.o
                0x000065ae                printFloat_RateValue
 .text.probe_configure_invert_mask
                0x000065ce       0x22 grbl/probe.o
                0x000065ce                probe_configure_invert_mask
 .text.probe_init
                0x000065f0       0x1a grbl/probe.o
                0x000065f0                probe_init
 .text.probe_get_state
                0x0000660a        0xe grbl/probe.o
                0x0000660a                probe_get_state
 .text.probe_state_monitor
                0x00006618       0x28 grbl/probe.o
                0x00006618                probe_state_monitor
 .text.report_util_line_feed
                0x00006640        0x8 grbl/report.o
 .text.report_util_feedback_line_feed
                0x00006648        0xa grbl/report.o
 .text.report_util_gcode_modes_G
                0x00006652        0x8 grbl/report.o
 .text.report_util_gcode_modes_M
                0x0000665a        0x8 grbl/report.o
 .text.report_util_axis_values
                0x00006662       0x3e grbl/report.o
 .text.report_util_setting_prefix
                0x000066a0       0x18 grbl/report.o
                0x000066a0                report_util_setting_prefix
 .text.report_util_uint8_setting
                0x000066b8       0x10 grbl/report.o
 .text.report_util_float_setting
                0x000066c8       0x28 grbl/report.o
 .text.report_status_message
                0x000066f0       0x20 grbl/report.o
                0x000066f0                report_status_message
 .text.report_alarm_message
                0x00006710       0x1a grbl/report.o
                0x00006710                report_alarm_message
 .text.report_feedback_message
                0x0000672a       0x80 grbl/report.o
                0x0000672a                report_feedback_message
 .text.report_init_message
                0x000067aa        0x8 grbl/report.o
                0x000067aa                report_init_message
 .text.report_grbl_help
                0x000067b2        0x8 grbl/report.o
                0x000067b2                report_grbl_help
 .text.report_grbl_settings
                0x000067ba      0x22a grbl/report.o
                0x000067ba                report_grbl_settings
 .text.report_probe_parameters
                0x000069e4       0x4a grbl/report.o
                0x000069e4                report_probe_parameters
 .text.report_ngc_parameters
                0x00006a2e       0xa8 grbl/report.o
                0x00006a2e                report_ngc_parameters
 .text.report_gcode_modes
                0x00006ad6      0x102 grbl/report.o
                0x00006ad6                report_gcode_modes
 .text.report_startup_line
                0x00006bd8       0x28 grbl/report.o
                0x00006bd8                report_startup_line
 .text.report_execute_startup_message
                0x00006c00       0x26 grbl/report.o
                0x00006c00                report_execute_startup_message
 .text.report_build_info
                0x00006c26       0x4c grbl/report.o
                0x00006c26                report_build_info
 .text.report_realtime_status
                0x00006c72      0x3f2 grbl/report.o
                0x00006c72                report_realtime_status
 .text.report_realtime_debug
                0x00007064        0x2 grbl/report.o
                0x00007064                report_realtime_debug
 .text.system_init
                0x00007066       0x2a grbl/system.o
                0x00007066                system_init
 .text.system_control_get_state
                0x00007090       0x28 grbl/system.o
                0x00007090                system_control_get_state
 .text.__vector_11
                0x000070b8       0x8a grbl/system.o
                0x000070b8                __vector_11
 .text.system_check_safety_door_ajar
                0x00007142        0x6 grbl/system.o
                0x00007142                system_check_safety_door_ajar
 .text.system_execute_startup
                0x00007148       0x46 grbl/system.o
                0x00007148                system_execute_startup
 .text.system_flag_wco_change
                0x0000718e        0xa grbl/system.o
                0x0000718e                system_flag_wco_change
 .text.system_convert_axis_steps_to_mpos
                0x00007198       0x34 grbl/system.o
                0x00007198                system_convert_axis_steps_to_mpos
 .text.system_convert_array_steps_to_mpos
                0x000071cc       0x4a grbl/system.o
                0x000071cc                system_convert_array_steps_to_mpos
 .text.system_check_travel_limits
                0x00007216       0x80 grbl/system.o
                0x00007216                system_check_travel_limits
 .text.system_set_exec_state_flag
                0x00007296       0x12 grbl/system.o
                0x00007296                system_set_exec_state_flag
 .text.system_execute_line
                0x000072a8      0x48c grbl/system.o
                0x000072a8                system_execute_line
 .text.system_clear_exec_state_flag
                0x00007734       0x14 grbl/system.o
                0x00007734                system_clear_exec_state_flag
 .text.system_set_exec_alarm
                0x00007748        0xc grbl/system.o
                0x00007748                system_set_exec_alarm
 .text.system_clear_exec_alarm
                0x00007754        0xc grbl/system.o
                0x00007754                system_clear_exec_alarm
 .text.system_set_exec_motion_override_flag
                0x00007760       0x12 grbl/system.o
                0x00007760                system_set_exec_motion_override_flag
 .text.system_set_exec_accessory_override_flag
                0x00007772       0x12 grbl/system.o
                0x00007772                system_set_exec_accessory_override_flag
 .text.system_clear_exec_motion_overrides
                0x00007784        0xc grbl/system.o
                0x00007784                system_clear_exec_motion_overrides
 .text.system_clear_exec_accessory_overrides
                0x00007790        0xc grbl/system.o
                0x00007790                system_clear_exec_accessory_overrides
 .text.sleep_disable
                0x0000779c        0xc grbl/sleep.o
 .text.sleep_init
                0x000077a8       0x1c grbl/sleep.o
                0x000077a8                sleep_init
 .text.__vector_35
                0x000077c4       0x22 grbl/sleep.o
                0x000077c4                __vector_35
 .text.jog_execute
                0x000077e6       0x82 grbl/jog.o
                0x000077e6                jog_execute
 .text.avr-libc.fplib
                0x00007868        0xa c:/program files (x86)/atmel/studio/7.0/toolchain/avr8/avr8-gnu-toolchain/bin/../lib/gcc/avr/5.4.0/../../../../avr/lib/avr6\libm.a(addsf3.o)
                0x00007868                __subsf3
                0x0000786a                __addsf3
 .text.avr-libc.fplib
                0x00007872       0xc0 c:/program files (x86)/atmel/studio/7.0/toolchain/avr8/avr8-gnu-toolchain/bin/../lib/gcc/avr/5.4.0/../../../../avr/lib/avr6\libm.a(addsf3x.o)
                0x0000788c                __addsf3x
 .text.avr-libc.fplib
                0x00007932       0x74 c:/program files (x86)/atmel/studio/7.0/toolchain/avr8/avr8-gnu-toolchain/bin/../lib/gcc/avr/5.4.0/../../../../avr/lib/avr6\libm.a(atan2.o)
                0x00007950                atan2
 .text.avr-libc.fplib
                0x000079a6       0x50 c:/program files (x86)/atmel/studio/7.0/toolchain/avr8/avr8-gnu-toolchain/bin/../lib/gcc/avr/5.4.0/../../../../avr/lib/avr6\libm.a(atan.o)
                0x000079a6                atan
 .text.avr-libc.fplib
                0x000079f6       0x26 c:/program files (x86)/atmel/studio/7.0/toolchain/avr8/avr8-gnu-toolchain/bin/../lib/gcc/avr/5.4.0/../../../../avr/lib/avr6\libm.a(ceil.o)
                0x000079f6                ceil
 .text.avr-libc.fplib
                0x00007a1c        0x8 c:/program files (x86)/atmel/studio/7.0/toolchain/avr8/avr8-gnu-toolchain/bin/../lib/gcc/avr/5.4.0/../../../../avr/lib/avr6\libm.a(cmpsf2.o)
                0x00007a1c                __nesf2
                0x00007a1c                __eqsf2
                0x00007a1c                __cmpsf2
                0x00007a1c                __ltsf2
                0x00007a1c                __lesf2
 .text.avr-libc.fplib
                0x00007a24        0x6 c:/program files (x86)/atmel/studio/7.0/toolchain/avr8/avr8-gnu-toolchain/bin/../lib/gcc/avr/5.4.0/../../../../avr/lib/avr6\libm.a(cos.o)
                0x00007a24                cos
 .text.avr-libc.fplib
                0x00007a2a        0x4 c:/program files (x86)/atmel/studio/7.0/toolchain/avr8/avr8-gnu-toolchain/bin/../lib/gcc/avr/5.4.0/../../../../avr/lib/avr6\libm.a(divsf3.o)
                0x00007a2a                __divsf3
 .text.avr-libc.fplib
                0x00007a2e       0xcc c:/program files (x86)/atmel/studio/7.0/toolchain/avr8/avr8-gnu-toolchain/bin/../lib/gcc/avr/5.4.0/../../../../avr/lib/avr6\libm.a(divsf3x.o)
                0x00007a44                __divsf3x
                0x00007a48                __divsf3_pse
 .text.avr-libc.fplib
                0x00007afa        0xa c:/program files (x86)/atmel/studio/7.0/toolchain/avr8/avr8-gnu-toolchain/bin/../lib/gcc/avr/5.4.0/../../../../avr/lib/avr6\libm.a(fixsfsi.o)
                0x00007afa                __fixsfsi
 .text.avr-libc.fplib
                0x00007b04       0x58 c:/program files (x86)/atmel/studio/7.0/toolchain/avr8/avr8-gnu-toolchain/bin/../lib/gcc/avr/5.4.0/../../../../avr/lib/avr6\libm.a(fixunssfsi.o)
                0x00007b04                __fixunssfsi
 .text.avr-libc.fplib
                0x00007b5c       0x7a c:/program files (x86)/atmel/studio/7.0/toolchain/avr8/avr8-gnu-toolchain/bin/../lib/gcc/avr/5.4.0/../../../../avr/lib/avr6\libm.a(floatsisf.o)
                0x00007b5c                __floatunsisf
                0x00007b60                __floatsisf
 .text.avr-libc.fplib
                0x00007bd6       0x26 c:/program files (x86)/atmel/studio/7.0/toolchain/avr8/avr8-gnu-toolchain/bin/../lib/gcc/avr/5.4.0/../../../../avr/lib/avr6\libm.a(floor.o)
                0x00007bd6                floor
 .text.avr-libc.fplib
                0x00007bfc       0x48 c:/program files (x86)/atmel/studio/7.0/toolchain/avr8/avr8-gnu-toolchain/bin/../lib/gcc/avr/5.4.0/../../../../avr/lib/avr6\libm.a(fp_cmp.o)
                0x00007bfc                __fp_cmp
 .text.avr-libc.fplib
                0x00007c44        0xc c:/program files (x86)/atmel/studio/7.0/toolchain/avr8/avr8-gnu-toolchain/bin/../lib/gcc/avr/5.4.0/../../../../avr/lib/avr6\libm.a(fp_inf.o)
                0x00007c44                __fp_inf
 .text.avr-libc.fplib
                0x00007c50       0x36 c:/program files (x86)/atmel/studio/7.0/toolchain/avr8/avr8-gnu-toolchain/bin/../lib/gcc/avr/5.4.0/../../../../avr/lib/avr6\libm.a(fp_mintl.o)
                0x00007c50                __fp_mintl
 .text.avr-libc.fplib
                0x00007c86       0x1c c:/program files (x86)/atmel/studio/7.0/toolchain/avr8/avr8-gnu-toolchain/bin/../lib/gcc/avr/5.4.0/../../../../avr/lib/avr6\libm.a(fp_mpack.o)
                0x00007c86                __fp_mpack
                0x00007c8a                __fp_mpack_finite
 .text.avr-libc.fplib
                0x00007ca2        0x6 c:/program files (x86)/atmel/studio/7.0/toolchain/avr8/avr8-gnu-toolchain/bin/../lib/gcc/avr/5.4.0/../../../../avr/lib/avr6\libm.a(fp_nan.o)
                0x00007ca2                __fp_nan
 .text.avr-libc.fplib
                0x00007ca8       0x4a c:/program files (x86)/atmel/studio/7.0/toolchain/avr8/avr8-gnu-toolchain/bin/../lib/gcc/avr/5.4.0/../../../../avr/lib/avr6\libm.a(fp_powser.o)
                0x00007ca8                __fp_powser
 .text.avr-libc.fplib
                0x00007cf2        0xe c:/program files (x86)/atmel/studio/7.0/toolchain/avr8/avr8-gnu-toolchain/bin/../lib/gcc/avr/5.4.0/../../../../avr/lib/avr6\libm.a(fp_pscA.o)
                0x00007cf2                __fp_pscA
 .text.avr-libc.fplib
                0x00007d00        0xe c:/program files (x86)/atmel/studio/7.0/toolchain/avr8/avr8-gnu-toolchain/bin/../lib/gcc/avr/5.4.0/../../../../avr/lib/avr6\libm.a(fp_pscB.o)
                0x00007d00                __fp_pscB
 .text.avr-libc.fplib
                0x00007d0e       0x50 c:/program files (x86)/atmel/studio/7.0/toolchain/avr8/avr8-gnu-toolchain/bin/../lib/gcc/avr/5.4.0/../../../../avr/lib/avr6\libm.a(fp_rempio2.o)
                0x00007d10                __fp_rempio2
 .text.avr-libc.fplib
                0x00007d5e       0x22 c:/program files (x86)/atmel/studio/7.0/toolchain/avr8/avr8-gnu-toolchain/bin/../lib/gcc/avr/5.4.0/../../../../avr/lib/avr6\libm.a(fp_round.o)
                0x00007d5e                __fp_round
 .text.avr-libc.fplib
                0x00007d80       0x22 c:/program files (x86)/atmel/studio/7.0/toolchain/avr8/avr8-gnu-toolchain/bin/../lib/gcc/avr/5.4.0/../../../../avr/lib/avr6\libm.a(fp_sinus.o)
                0x00007d80                __fp_sinus
 .text.avr-libc.fplib
                0x00007da2       0x44 c:/program files (x86)/atmel/studio/7.0/toolchain/avr8/avr8-gnu-toolchain/bin/../lib/gcc/avr/5.4.0/../../../../avr/lib/avr6\libm.a(fp_split3.o)
                0x00007da2                __fp_split3
                0x00007db2                __fp_splitA
 .text.avr-libc.fplib
                0x00007de6       0x2e c:/program files (x86)/atmel/studio/7.0/toolchain/avr8/avr8-gnu-toolchain/bin/../lib/gcc/avr/5.4.0/../../../../avr/lib/avr6\libm.a(fp_trunc.o)
                0x00007de6                __fp_trunc
 .text.avr-libc.fplib
                0x00007e14        0xe c:/program files (x86)/atmel/studio/7.0/toolchain/avr8/avr8-gnu-toolchain/bin/../lib/gcc/avr/5.4.0/../../../../avr/lib/avr6\libm.a(fp_zero.o)
                0x00007e14                __fp_zero
                0x00007e16                __fp_szero
 .text.avr-libc.fplib
                0x00007e22        0x8 c:/program files (x86)/atmel/studio/7.0/toolchain/avr8/avr8-gnu-toolchain/bin/../lib/gcc/avr/5.4.0/../../../../avr/lib/avr6\libm.a(gesf2.o)
                0x00007e22                __gesf2
                0x00007e22                __gtsf2
 .text.avr-libc.fplib
                0x00007e2a        0xe c:/program files (x86)/atmel/studio/7.0/toolchain/avr8/avr8-gnu-toolchain/bin/../lib/gcc/avr/5.4.0/../../../../avr/lib/avr6\libm.a(inverse.o)
                0x00007e2a                inverse
 .text.avr-libc.fplib
                0x00007e38       0x60 c:/program files (x86)/atmel/studio/7.0/toolchain/avr8/avr8-gnu-toolchain/bin/../lib/gcc/avr/5.4.0/../../../../avr/lib/avr6\libm.a(lround.o)
                0x00007e38                lround
 .text.avr-libc.fplib
                0x00007e98        0x4 c:/program files (x86)/atmel/studio/7.0/toolchain/avr8/avr8-gnu-toolchain/bin/../lib/gcc/avr/5.4.0/../../../../avr/lib/avr6\libm.a(mulsf3.o)
                0x00007e98                __mulsf3
 .text.avr-libc.fplib
                0x00007e9c       0xc2 c:/program files (x86)/atmel/studio/7.0/toolchain/avr8/avr8-gnu-toolchain/bin/../lib/gcc/avr/5.4.0/../../../../avr/lib/avr6\libm.a(mulsf3x.o)
                0x00007eb0                __mulsf3x
                0x00007eb4                __mulsf3_pse
 .text.avr-libc.fplib
                0x00007f5e       0x40 c:/program files (x86)/atmel/studio/7.0/toolchain/avr8/avr8-gnu-toolchain/bin/../lib/gcc/avr/5.4.0/../../../../avr/lib/avr6\libm.a(round.o)
                0x00007f5e                round
 .text.avr-libc.fplib
                0x00007f9e        0xc c:/program files (x86)/atmel/studio/7.0/toolchain/avr8/avr8-gnu-toolchain/bin/../lib/gcc/avr/5.4.0/../../../../avr/lib/avr6\libm.a(sin.o)
                0x00007f9e                sin
 .text.avr-libc.fplib
                0x00007faa       0x84 c:/program files (x86)/atmel/studio/7.0/toolchain/avr8/avr8-gnu-toolchain/bin/../lib/gcc/avr/5.4.0/../../../../avr/lib/avr6\libm.a(sqrt.o)
                0x00007fb2                sqrtf
                0x00007fb2                sqrt
 .text.avr-libc.fplib
                0x0000802e        0x6 c:/program files (x86)/atmel/studio/7.0/toolchain/avr8/avr8-gnu-toolchain/bin/../lib/gcc/avr/5.4.0/../../../../avr/lib/avr6\libm.a(square.o)
                0x0000802e                square
 .text.avr-libc.fplib
                0x00008034        0xe c:/program files (x86)/atmel/studio/7.0/toolchain/avr8/avr8-gnu-toolchain/bin/../lib/gcc/avr/5.4.0/../../../../avr/lib/avr6\libm.a(trunc.o)
                0x00008034                trunc
 .text.avr-libc.fplib
                0x00008042        0xe c:/program files (x86)/atmel/studio/7.0/toolchain/avr8/avr8-gnu-toolchain/bin/../lib/gcc/avr/5.4.0/../../../../avr/lib/avr6\libm.a(fp_norm2.o)
                0x00008042                __fp_norm2
 .text.avr-libc.fplib
                0x00008050       0x22 c:/program files (x86)/atmel/studio/7.0/toolchain/avr8/avr8-gnu-toolchain/bin/../lib/gcc/avr/5.4.0/../../../../avr/lib/avr6\libm.a(fp_powsodd.o)
                0x00008050                __fp_powsodd
 .text.libgcc.div
                0x00008072       0x44 c:/program files (x86)/atmel/studio/7.0/toolchain/avr8/avr8-gnu-toolchain/bin/../lib/gcc/avr/5.4.0/avr6\libgcc.a(_udivmodsi4.o)
                0x00008072                __udivmodsi4
 .text.libgcc   0x000080b6       0x10 c:/program files (x86)/atmel/studio/7.0/toolchain/avr8/avr8-gnu-toolchain/bin/../lib/gcc/avr/5.4.0/avr6\libgcc.a(_tablejump2.o)
                0x000080b6                __tablejump2__
 .text.libgcc.mul
                0x000080c6       0x1e c:/program files (x86)/atmel/studio/7.0/toolchain/avr8/avr8-gnu-toolchain/bin/../lib/gcc/avr/5.4.0/avr6\libgcc.a(_umulhisi3.o)
                0x000080c6                __umulhisi3
 .text.avr-libc
                0x000080e4       0x1a c:/program files (x86)/atmel/studio/7.0/toolchain/avr8/avr8-gnu-toolchain/bin/../lib/gcc/avr/5.4.0/../../../../avr/lib/avr6\libc.a(memcmp.o)
                0x000080e4                memcmp
                0x000080fe                . = ALIGN (0x2)
 *(.fini9)
 .fini9         0x000080fe        0x0 c:/program files (x86)/atmel/studio/7.0/toolchain/avr8/avr8-gnu-toolchain/bin/../lib/gcc/avr/5.4.0/avr6\libgcc.a(_exit.o)
                0x000080fe                _exit
                0x000080fe                exit
 *(.fini9)
 *(.fini8)
 *(.fini8)
 *(.fini7)
 *(.fini7)
 *(.fini6)
 *(.fini6)
 *(.fini5)
 *(.fini5)
 *(.fini4)
 *(.fini4)
 *(.fini3)
 *(.fini3)
 *(.fini2)
 *(.fini2)
 *(.fini1)
 *(.fini1)
 *(.fini0)
 .fini0         0x000080fe        0x4 c:/program files (x86)/atmel/studio/7.0/toolchain/avr8/avr8-gnu-toolchain/bin/../lib/gcc/avr/5.4.0/avr6\libgcc.a(_exit.o)
 *(.fini0)
                0x00008102                _etext = .

.data           0x00800200        0x0 load address 0x00008102
                [!provide]                PROVIDE (__data_start, .)
 *(.data)
 *(.data*)
 *(.gnu.linkonce.d*)
 *(.rodata)
 *(.rodata*)
 *(.gnu.linkonce.r*)
                0x00800200                . = ALIGN (0x2)
                0x00800200                _edata = .
                [!provide]                PROVIDE (__data_end, .)

.bss            0x00800200      0xd10
                0x00800200                PROVIDE (__bss_start, .)
 *(.bss)
 *(.bss*)
 .bss.pwm_gradient
                0x00800200        0x4 grbl/spindle_control.o
 .bss.serial_tx_buffer_tail
                0x00800204        0x1 grbl/serial.o
                0x00800204                serial_tx_buffer_tail
 .bss.serial_tx_buffer_head
                0x00800205        0x1 grbl/serial.o
                0x00800205                serial_tx_buffer_head
 .bss.serial_rx_buffer_tail
                0x00800206        0x1 grbl/serial.o
                0x00800206                serial_rx_buffer_tail
 .bss.serial_rx_buffer_head
                0x00800207        0x1 grbl/serial.o
                0x00800207                serial_rx_buffer_head
 .bss.line      0x00800208      0x100 grbl/protocol.o
 .bss.prep      0x00800308       0x31 grbl/stepper.o
 .bss.st_prep_block
                0x00800339        0x2 grbl/stepper.o
 .bss.pl_block  0x0080033b        0x2 grbl/stepper.o
 .bss.busy      0x0080033d        0x1 grbl/stepper.o
 .bss.dir_port_invert_mask
                0x0080033e        0x1 grbl/stepper.o
 .bss.step_port_invert_mask
                0x0080033f        0x1 grbl/stepper.o
 .bss.segment_next_head
                0x00800340        0x1 grbl/stepper.o
 .bss.segment_buffer_head
                0x00800341        0x1 grbl/stepper.o
 .bss.segment_buffer_tail
                0x00800342        0x1 grbl/stepper.o
 .bss.st        0x00800343       0x23 grbl/stepper.o
 .bss.segment_buffer
                0x00800366       0x50 grbl/stepper.o
 .bss.st_block_buffer
                0x008003b6       0xa2 grbl/stepper.o
 .bss.pl        0x00800458       0x1c grbl/planner.o
 .bss.block_buffer_planned
                0x00800474        0x1 grbl/planner.o
 .bss.next_buffer_head
                0x00800475        0x1 grbl/planner.o
 .bss.block_buffer_head
                0x00800476        0x1 grbl/planner.o
 .bss.block_buffer_tail
                0x00800477        0x1 grbl/planner.o
 .bss.block_buffer
                0x00800478      0x798 grbl/planner.o
 *(COMMON)
 COMMON         0x00800c10       0x2f grbl/main.o
                0x00800c10                sys_rt_exec_motion_override
                0x00800c11                sys
                0x00800c22                sys_rt_exec_accessory_override
                0x00800c23                sys_rt_exec_state
                0x00800c24                sys_probe_state
                0x00800c25                sys_probe_position
                0x00800c31                sys_position
                0x00800c3d                sys_rt_exec_alarm
                0x00800c3e                sys_rt_exec_debug
 COMMON         0x00800c3f       0x7a grbl/gcode.o
                0x00800c3f                gc_state
                0x00800c7f                gc_block
 COMMON         0x00800cb9      0x200 grbl/serial.o
                0x00800cb9                serial_tx_buffer
                0x00800db9                serial_rx_buffer
 COMMON         0x00800eb9       0x55 grbl/settings.o
                0x00800eb9                settings
 COMMON         0x00800f0e        0x1 grbl/probe.o
                0x00800f0e                probe_invert_mask
 COMMON         0x00800f0f        0x1 grbl/sleep.o
                0x00800f0f                sleep_counter
                0x00800f10                PROVIDE (__bss_end, .)
                0x00008102                __data_load_start = LOADADDR (.data)
                0x00008102                __data_load_end = (__data_load_start + SIZEOF (.data))

.noinit         0x00800f10        0x0
                [!provide]                PROVIDE (__noinit_start, .)
 *(.noinit*)
                [!provide]                PROVIDE (__noinit_end, .)
                0x00800f10                _end = .
                [!provide]                PROVIDE (__heap_start, .)

.eeprom         0x00810000        0x0
 *(.eeprom*)
                0x00810000                __eeprom_end = .

.fuse
 *(.fuse)
 *(.lfuse)
 *(.hfuse)
 *(.efuse)

.lock
 *(.lock*)

.signature
 *(.signature*)

.user_signatures
 *(.user_signatures*)

.stab
 *(.stab)

.stabstr
 *(.stabstr)

.stab.excl
 *(.stab.excl)

.stab.exclstr
 *(.stab.exclstr)

.stab.index
 *(.stab.index)

.stab.indexstr
 *(.stab.indexstr)

.comment        0x00000000       0x30
 *(.comment)
 .comment       0x00000000       0x30 grbl/main.o
                                 0x31 (size before relaxing)
 .comment       0x00000030       0x31 grbl/motion_control.o
 .comment       0x00000030       0x31 grbl/gcode.o
 .comment       0x00000030       0x31 grbl/spindle_control.o
 .comment       0x00000030       0x31 grbl/coolant_control.o
 .comment       0x00000030       0x31 grbl/serial.o
 .comment       0x00000030       0x31 grbl/protocol.o
 .comment       0x00000030       0x31 grbl/stepper.o
 .comment       0x00000030       0x31 grbl/eeprom.o
 .comment       0x00000030       0x31 grbl/settings.o
 .comment       0x00000030       0x31 grbl/planner.o
 .comment       0x00000030       0x31 grbl/nuts_bolts.o
 .comment       0x00000030       0x31 grbl/limits.o
 .comment       0x00000030       0x31 grbl/print.o
 .comment       0x00000030       0x31 grbl/probe.o
 .comment       0x00000030       0x31 grbl/report.o
 .comment       0x00000030       0x31 grbl/system.o
 .comment       0x00000030       0x31 grbl/sleep.o
 .comment       0x00000030       0x31 grbl/jog.o

.note.gnu.avr.deviceinfo
                0x00000000       0x40
 .note.gnu.avr.deviceinfo
                0x00000000       0x40 C:/Program Files (x86)/Atmel/Studio/7.0/Packs/atmel/ATmega_DFP/1.6.364/gcc/dev/atmega2560/avr6/crtatmega2560.o

.note.gnu.build-id
 *(.note.gnu.build-id)

.debug
 *(.debug)

.line
 *(.line)

.debug_srcinfo
 *(.debug_srcinfo)

.debug_sfnames
 *(.debug_sfnames)

.debug_aranges  0x00000000      0x6b8
 *(.debug_aranges)
 .debug_aranges
                0x00000000       0x20 grbl/main.o
 .debug_aranges
                0x00000020       0x48 grbl/motion_control.o
 .debug_aranges
                0x00000068       0x30 grbl/gcode.o
 .debug_aranges
                0x00000098       0x50 grbl/spindle_control.o
 .debug_aranges
                0x000000e8       0x40 grbl/coolant_control.o
 .debug_aranges
                0x00000128       0x60 grbl/serial.o
 .debug_aranges
                0x00000188       0x48 grbl/protocol.o
 .debug_aranges
                0x000001d0       0x70 grbl/stepper.o
 .debug_aranges
                0x00000240       0x38 grbl/eeprom.o
 .debug_aranges
                0x00000278       0x88 grbl/settings.o
 .debug_aranges
                0x00000300       0xa8 grbl/planner.o
 .debug_aranges
                0x000003a8       0x50 grbl/nuts_bolts.o
 .debug_aranges
                0x000003f8       0x48 grbl/limits.o
 .debug_aranges
                0x00000440       0x60 grbl/print.o
 .debug_aranges
                0x000004a0       0x38 grbl/probe.o
 .debug_aranges
                0x000004d8       0xd0 grbl/report.o
 .debug_aranges
                0x000005a8       0xa8 grbl/system.o
 .debug_aranges
                0x00000650       0x48 grbl/sleep.o
 .debug_aranges
                0x00000698       0x20 grbl/jog.o

.debug_pubnames
 *(.debug_pubnames)

.debug_info     0x00000000     0xa9d4
 *(.debug_info .gnu.linkonce.wi.*)
 .debug_info    0x00000000      0xbbc C:/Program Files (x86)/Atmel/Studio/7.0/Packs/atmel/ATmega_DFP/1.6.364/gcc/dev/atmega2560/avr6/crtatmega2560.o
 .debug_info    0x00000bbc      0x50e grbl/main.o
 .debug_info    0x000010ca      0xa6c grbl/motion_control.o
 .debug_info    0x00001b36      0xdb1 grbl/gcode.o
 .debug_info    0x000028e7      0x44a grbl/spindle_control.o
 .debug_info    0x00002d31      0x23f grbl/coolant_control.o
 .debug_info    0x00002f70      0x591 grbl/serial.o
 .debug_info    0x00003501      0xd0d grbl/protocol.o
 .debug_info    0x0000420e      0xc0d grbl/stepper.o
 .debug_info    0x00004e1b      0x210 grbl/eeprom.o
 .debug_info    0x0000502b      0x97f grbl/settings.o
 .debug_info    0x000059aa      0xae2 grbl/planner.o
 .debug_info    0x0000648c      0x628 grbl/nuts_bolts.o
 .debug_info    0x00006ab4      0x7a1 grbl/limits.o
 .debug_info    0x00007255      0x58f grbl/print.o
 .debug_info    0x000077e4      0x2b6 grbl/probe.o
 .debug_info    0x00007a9a     0x1a8d grbl/report.o
 .debug_info    0x00009527      0xb2e grbl/system.o
 .debug_info    0x0000a055      0x430 grbl/sleep.o
 .debug_info    0x0000a485      0x54f grbl/jog.o

.debug_abbrev   0x00000000     0x2af0
 *(.debug_abbrev)
 .debug_abbrev  0x00000000      0xb1a C:/Program Files (x86)/Atmel/Studio/7.0/Packs/atmel/ATmega_DFP/1.6.364/gcc/dev/atmega2560/avr6/crtatmega2560.o
 .debug_abbrev  0x00000b1a       0xf7 grbl/main.o
 .debug_abbrev  0x00000c11      0x1e5 grbl/motion_control.o
 .debug_abbrev  0x00000df6      0x1a7 grbl/gcode.o
 .debug_abbrev  0x00000f9d      0x18f grbl/spindle_control.o
 .debug_abbrev  0x0000112c      0x134 grbl/coolant_control.o
 .debug_abbrev  0x00001260      0x1ae grbl/serial.o
 .debug_abbrev  0x0000140e      0x167 grbl/protocol.o
 .debug_abbrev  0x00001575      0x227 grbl/stepper.o
 .debug_abbrev  0x0000179c      0x108 grbl/eeprom.o
 .debug_abbrev  0x000018a4      0x21b grbl/settings.o
 .debug_abbrev  0x00001abf      0x2ba grbl/planner.o
 .debug_abbrev  0x00001d79      0x1c4 grbl/nuts_bolts.o
 .debug_abbrev  0x00001f3d      0x20c grbl/limits.o
 .debug_abbrev  0x00002149      0x181 grbl/print.o
 .debug_abbrev  0x000022ca      0x10b grbl/probe.o
 .debug_abbrev  0x000023d5      0x273 grbl/report.o
 .debug_abbrev  0x00002648      0x25b grbl/system.o
 .debug_abbrev  0x000028a3      0x14b grbl/sleep.o
 .debug_abbrev  0x000029ee      0x102 grbl/jog.o

.debug_line     0x00000000     0x622c
 *(.debug_line .debug_line.* .debug_line_end)
 .debug_line    0x00000000      0x1fa C:/Program Files (x86)/Atmel/Studio/7.0/Packs/atmel/ATmega_DFP/1.6.364/gcc/dev/atmega2560/avr6/crtatmega2560.o
 .debug_line    0x000001fa      0x285 grbl/main.o
 .debug_line    0x0000047f      0x4a3 grbl/motion_control.o
 .debug_line    0x00000922      0xdb0 grbl/gcode.o
 .debug_line    0x000016d2      0x271 grbl/spindle_control.o
 .debug_line    0x00001943      0x18f grbl/coolant_control.o
 .debug_line    0x00001ad2      0x320 grbl/serial.o
 .debug_line    0x00001df2      0x980 grbl/protocol.o
 .debug_line    0x00002772      0x969 grbl/stepper.o
 .debug_line    0x000030db      0x239 grbl/eeprom.o
 .debug_line    0x00003314      0x5d5 grbl/settings.o
 .debug_line    0x000038e9      0x685 grbl/planner.o
 .debug_line    0x00003f6e      0x420 grbl/nuts_bolts.o
 .debug_line    0x0000438e      0x49b grbl/limits.o
 .debug_line    0x00004829      0x37e grbl/print.o
 .debug_line    0x00004ba7      0x142 grbl/probe.o
 .debug_line    0x00004ce9      0xa4c grbl/report.o
 .debug_line    0x00005735      0x7be grbl/system.o
 .debug_line    0x00005ef3      0x1f5 grbl/sleep.o
 .debug_line    0x000060e8      0x144 grbl/jog.o

.debug_frame    0x00000000     0x1524
 *(.debug_frame)
 .debug_frame   0x00000000       0x24 grbl/main.o
 .debug_frame   0x00000024      0x11c grbl/motion_control.o
 .debug_frame   0x00000140       0xa4 grbl/gcode.o
 .debug_frame   0x000001e4       0xdc grbl/spindle_control.o
 .debug_frame   0x000002c0       0x6c grbl/coolant_control.o
 .debug_frame   0x0000032c      0x10c grbl/serial.o
 .debug_frame   0x00000438       0xb0 grbl/protocol.o
 .debug_frame   0x000004e8      0x1b0 grbl/stepper.o
 .debug_frame   0x00000698       0x9c grbl/eeprom.o
 .debug_frame   0x00000734      0x17c grbl/settings.o
 .debug_frame   0x000008b0      0x29c grbl/planner.o
 .debug_frame   0x00000b4c      0x19c grbl/nuts_bolts.o
 .debug_frame   0x00000ce8      0x124 grbl/limits.o
 .debug_frame   0x00000e0c      0x14c grbl/print.o
 .debug_frame   0x00000f58       0x54 grbl/probe.o
 .debug_frame   0x00000fac      0x290 grbl/report.o
 .debug_frame   0x0000123c      0x224 grbl/system.o
 .debug_frame   0x00001460       0x8c grbl/sleep.o
 .debug_frame   0x000014ec       0x38 grbl/jog.o

.debug_str      0x00000000     0x205c
 *(.debug_str)
 .debug_str     0x00000000      0x3e6 C:/Program Files (x86)/Atmel/Studio/7.0/Packs/atmel/ATmega_DFP/1.6.364/gcc/dev/atmega2560/avr6/crtatmega2560.o
 .debug_str     0x000003e6      0x46b grbl/main.o
                                0x4fb (size before relaxing)
 .debug_str     0x00000851      0x2d1 grbl/motion_control.o
                                0x703 (size before relaxing)
 .debug_str     0x00000b22      0x2af grbl/gcode.o
                                0x749 (size before relaxing)
 .debug_str     0x00000dd1       0x65 grbl/spindle_control.o
                                0x40d (size before relaxing)
 .debug_str     0x00000e36       0x3a grbl/coolant_control.o
                                0x29b (size before relaxing)
 .debug_str     0x00000e70      0x17b grbl/serial.o
                                0x411 (size before relaxing)
 .debug_str     0x00000feb      0x2ee grbl/protocol.o
                                0x936 (size before relaxing)
 .debug_str     0x000012d9      0x43c grbl/stepper.o
                                0x999 (size before relaxing)
 .debug_str     0x00001715       0xac grbl/eeprom.o
                                0x202 (size before relaxing)
 .debug_str     0x000017c1      0x138 grbl/settings.o
                                0x568 (size before relaxing)
 .debug_str     0x000018f9      0x211 grbl/planner.o
                                0x7dd (size before relaxing)
 .debug_str     0x00001b0a       0xb5 grbl/nuts_bolts.o
                                0x3d0 (size before relaxing)
 .debug_str     0x00001bbf       0x92 grbl/limits.o
                                0x5c0 (size before relaxing)
 .debug_str     0x00001c51       0xef grbl/print.o
                                0x38a (size before relaxing)
 .debug_str     0x00001d40       0x22 grbl/probe.o
                                0x345 (size before relaxing)
 .debug_str     0x00001d62      0x22a grbl/report.o
                                0x963 (size before relaxing)
 .debug_str     0x00001f8c       0x58 grbl/system.o
                                0x7d5 (size before relaxing)
 .debug_str     0x00001fe4       0x6a grbl/sleep.o
                                0x3e0 (size before relaxing)
 .debug_str     0x0000204e        0xe grbl/jog.o
                                0x4a2 (size before relaxing)

.debug_loc      0x00000000     0x635b
 *(.debug_loc)
 .debug_loc     0x00000000       0x22 grbl/main.o
 .debug_loc     0x00000022      0x8dc grbl/motion_control.o
 .debug_loc     0x000008fe      0xac3 grbl/gcode.o
 .debug_loc     0x000013c1      0x2d9 grbl/spindle_control.o
 .debug_loc     0x0000169a       0xa7 grbl/coolant_control.o
 .debug_loc     0x00001741      0x230 grbl/serial.o
 .debug_loc     0x00001971      0x31d grbl/protocol.o
 .debug_loc     0x00001c8e      0x9cd grbl/stepper.o
 .debug_loc     0x0000265b      0x373 grbl/eeprom.o
 .debug_loc     0x000029ce      0x804 grbl/settings.o
 .debug_loc     0x000031d2      0x979 grbl/planner.o
 .debug_loc     0x00003b4b      0xb0b grbl/nuts_bolts.o
 .debug_loc     0x00004656      0x54a grbl/limits.o
 .debug_loc     0x00004ba0      0x742 grbl/print.o
 .debug_loc     0x000052e2       0x21 grbl/probe.o
 .debug_loc     0x00005303      0x836 grbl/report.o
 .debug_loc     0x00005b39      0x6d3 grbl/system.o
 .debug_loc     0x0000620c       0x7c grbl/sleep.o
 .debug_loc     0x00006288       0xd3 grbl/jog.o

.debug_macinfo
 *(.debug_macinfo)

.debug_weaknames
 *(.debug_weaknames)

.debug_funcnames
 *(.debug_funcnames)

.debug_typenames
 *(.debug_typenames)

.debug_varnames
 *(.debug_varnames)

.debug_pubtypes
 *(.debug_pubtypes)

.debug_ranges   0x00000000      0x650
 *(.debug_ranges)
 .debug_ranges  0x00000000       0x10 grbl/main.o
 .debug_ranges  0x00000010       0x38 grbl/motion_control.o
 .debug_ranges  0x00000048       0x88 grbl/gcode.o
 .debug_ranges  0x000000d0       0x40 grbl/spindle_control.o
 .debug_ranges  0x00000110       0x30 grbl/coolant_control.o
 .debug_ranges  0x00000140       0x50 grbl/serial.o
 .debug_ranges  0x00000190       0x38 grbl/protocol.o
 .debug_ranges  0x000001c8       0x60 grbl/stepper.o
 .debug_ranges  0x00000228       0x28 grbl/eeprom.o
 .debug_ranges  0x00000250       0xa8 grbl/settings.o
 .debug_ranges  0x000002f8       0xb0 grbl/planner.o
 .debug_ranges  0x000003a8       0x40 grbl/nuts_bolts.o
 .debug_ranges  0x000003e8       0x50 grbl/limits.o
 .debug_ranges  0x00000438       0x50 grbl/print.o
 .debug_ranges  0x00000488       0x28 grbl/probe.o
 .debug_ranges  0x000004b0       0xc0 grbl/report.o
 .debug_ranges  0x00000570       0x98 grbl/system.o
 .debug_ranges  0x00000608       0x38 grbl/sleep.o
 .debug_ranges  0x00000640       0x10 grbl/jog.o

.debug_macro
 *(.debug_macro)
OUTPUT(CAV-CNC.elf elf32-avr)
LOAD linker stubs
